exports[`test Join renders correctly 1`] = `
<div>
  <Jumbotron
    title="Join" />
  <div
    className="card">
    <div
      className="card-block">
      <Alerts
        alerts={Array []} />
      <form
        onSubmit={[Function]}>
        <div
          className="form-group">
          <label
            htmlFor="join-name">
            Name
          </label>
          <input
            className="form-control"
            id="join-name"
            name="name"
            placeholder="Name"
            required={true}
            type="text" />
        </div>
        <div
          className="form-group">
          <label
            htmlFor="join-email">
            Email
          </label>
          <input
            className="form-control"
            id="join-email"
            name="email"
            placeholder="Email address"
            required={true}
            type="email" />
        </div>
        <div
          className="form-group">
          <label
            htmlFor="join-password">
            Password
          </label>
          <input
            className="form-control"
            id="join-password"
            name="password"
            placeholder="Password"
            required={true}
            type="password" />
        </div>
        <div
          className="form-group">
          <label
            htmlFor="join-password2">
            Confirm Password
          </label>
          <input
            className="form-control"
            id="join-password2"
            name="password2"
            placeholder="Re-type password"
            required={true}
            type="password" />
        </div>
        <button
          className="btn btn-outline-success"
          type="submit">
          Submit
        </button>
      </form>
    </div>
  </div>
</div>
`;
