exports[`test ArticleCard renders correctly 1`] = `
<div
  className="card">
  <div
    className="card-block">
    <Link
      onlyActiveOnIndex={false}
      style={Object {}}
      to="articles?url=http://www.reuters.com/article/us-gambia-politics-idUSKBN1520NL">
      <h4
        className="card-title">
        British tour operator evacuating 1,000 Gambia holidaymakers
      </h4>
    </Link>
    <p
      className="card-text">
      British tour operator Thomas Cook started evacuating nearly 1,000 holidaymakers from Gambia on Wednesday after President Yahya Jammeh declared a state of emergency on his final day in office, increasing the chances of civil unrest.
    </p>
  </div>
</div>
`;
