exports[`test Navbar renders correctly 1`] = `
<nav
  className="navbar navbar-toggleable-md navbar-inverse bg-inverse">
  <button
    aria-controls="navbarMenu"
    aria-expanded="false"
    aria-label="Toggle navigation"
    className="navbar-toggler navbar-toggler-right"
    data-target="#navbarMenu"
    data-toggle="collapse"
    type="button">
    <span
      className="navbar-toggler-icon" />
  </button>
  <Link
    className="navbar-brand"
    onlyActiveOnIndex={false}
    style={Object {}}
    to="/">
    News Graph
  </Link>
  <div
    className="collapse navbar-collapse"
    id="navbarMenu">
    <ul
      className="navbar-nav mr-auto">
      <li
        className="nav-link">
        <Link
          activeClassName="active"
          className="nav-link"
          onlyActiveOnIndex={false}
          style={Object {}}
          to="about">
          About
        </Link>
      </li>
      <li
        className="nav-link dropdown">
        <a
          aria-expanded="false"
          aria-haspopup="true"
          className="nav-link dropdown-toggle"
          data-toggle="dropdown"
          href="http://example.com"
          id="dropdown01">
          Dropdown
        </a>
        <div
          aria-labelledby="dropdown01"
          className="dropdown-menu">
          <a
            className="dropdown-item"
            href="#">
            Action
          </a>
          <a
            className="dropdown-item"
            href="#">
            Another action
          </a>
          <a
            className="dropdown-item"
            href="#">
            Something else here
          </a>
        </div>
      </li>
      <li
        className="nav-item">
        <Search />
      </li>
    </ul>
    <Connect(Account) />
  </div>
</nav>
`;
