exports[`test ArticlePage renders correctly 1`] = `
<div>
  <div>
    <div
      className="jumbotron">
      <h1
        className="display-3">
        Obama commutes sentence of Chelsea Manning, soldier convicted for leaking classified information
      </h1>
      <p
        className="lead">
        White House officials say the president thought Manning’s 35-year sentence was excessive.
      </p>
      <hr
        className="my-4" />
      <p />
    </div>
  </div>
  <div
    className="card">
    <div
      className="card-block">
      <h2
        className="card-title">
        Connections
      </h2>
      <div
        style={
          Object {
            "backgroundColor": "#333333",
            "border": "1px solid lightgray",
            "height": "400px",
            "width": "100%",
          }
        } />
    </div>
  </div>
</div>
`;
