exports[`test ArticlePage renders correctly 1`] = `
<div
  className="container">
  <h1>
    ArticlePage (
    1
    )
  </h1>
  <div
    className="row">
    <div
      style={
        Object {
          "backgroundColor": "#333333",
          "border": "1px solid lightgray",
          "height": "400px",
          "width": "600px",
        }
      } />
  </div>
</div>
`;
