exports[`test Home renders correctly 1`] = `
<div>
  <div>
    <div
      className="jumbotron">
      <h1
        className="display-3">
        Home
      </h1>
      <p
        className="lead" />
      <hr
        className="my-4" />
      <p />
      <form
        onSubmit={[Function]}>
        <label>
          Article:
          <input
            onChange={[Function]}
            type="url"
            value="" />
        </label>
        <input
          type="submit"
          value="POST" />
      </form>
    </div>
  </div>
  <div
    className="card-columns">
    <div
      className="card">
      <img
        alt="Card image cap"
        className="card-img-top img-fluid"
        src={undefined} />
      <div
        className="card-block">
        <a
          onClick={[Function]}
          style={Object {}}>
          <h4
            className="card-title">
            Ancient retroviruses emerged half a billion years ago : Nature News & Comment
          </h4>
        </a>
        <p
          className="card-text" />
      </div>
    </div>
    <div
      className="card">
      <img
        alt="Card image cap"
        className="card-img-top img-fluid"
        src={undefined} />
      <div
        className="card-block">
        <a
          onClick={[Function]}
          style={Object {}}>
          <h4
            className="card-title">
            \'Chamber of Rats\': Mexican parliament renamed in Google Maps prank | World news | The Guardian
          </h4>
        </a>
        <p
          className="card-text" />
      </div>
    </div>
    <div
      className="card">
      <img
        alt="Card image cap"
        className="card-img-top img-fluid"
        src={undefined} />
      <div
        className="card-block">
        <a
          onClick={[Function]}
          style={Object {}}>
          <h4
            className="card-title">
            Godka Cirka - A Hole in the Sky (Trailer) on Vimeo
          </h4>
        </a>
        <p
          className="card-text" />
      </div>
    </div>
    <div
      className="card">
      <img
        alt="Card image cap"
        className="card-img-top img-fluid"
        src={undefined} />
      <div
        className="card-block">
        <a
          onClick={[Function]}
          style={Object {}}>
          <h4
            className="card-title">
            India: For the love of second-hand books | India | Al Jazeera
          </h4>
        </a>
        <p
          className="card-text" />
      </div>
    </div>
  </div>
</div>
`;
