exports[`test Home renders correctly 1`] = `
<div>
  <div>
    <div
      className="jumbotron">
      <h1
        className="display-3">
        Home
      </h1>
      <p
        className="lead">
        This is a simple hero unit, a simple jumbotron-style component for calling extra attention to featured content or information.
      </p>
      <hr
        className="my-4" />
      <p>
        It uses utility classes for typography and spacing to space content out within the larger container.
      </p>
      <form
        onSubmit={[Function]}>
        <label>
          Article:
          <input
            onChange={[Function]}
            type="url"
            value="" />
        </label>
        <input
          type="submit"
          value="POST" />
      </form>
    </div>
  </div>
  <div
    className="album text-muted">
    <div
      className="container">
      <div
        className="row">
        <div
          className="card-group">
          <div
            className="card col-md-6 col-lg-4">
            <a
              className="embedly-card"
              href="http://www.nature.com/news/ancient-retroviruses-emerged-half-a-billion-years-ago-1.21274" />
            <p>
              Some details about the article.
            </p>
            <a
              className="btn"
              onClick={[Function]}
              style={Object {}}>
              Details
            </a>
          </div>
          <div
            className="card col-md-6 col-lg-4">
            <a
              className="embedly-card"
              href="https://www.theguardian.com/world/2017/jan/11/chamber-of-rats-mexico-parliaments-name-changed-in-google-maps-prank" />
            <p>
              Some details about the article.
            </p>
            <a
              className="btn"
              onClick={[Function]}
              style={Object {}}>
              Details
            </a>
          </div>
          <div
            className="card col-md-6 col-lg-4">
            <a
              className="embedly-card"
              href="https://vimeo.com/192574852" />
            <p>
              Some details about the article.
            </p>
            <a
              className="btn"
              onClick={[Function]}
              style={Object {}}>
              Details
            </a>
          </div>
          <div
            className="card col-md-6 col-lg-4">
            <a
              className="embedly-card"
              href="http://www.aljazeera.com/indepth/features/2017/01/india-love-hand-books-170108073151216.html" />
            <p>
              Some details about the article.
            </p>
            <a
              className="btn"
              onClick={[Function]}
              style={Object {}}>
              Details
            </a>
          </div>
        </div>
      </div>
    </div>
  </div>
</div>
`;
