exports[`test ArticleCards renders correctly 1`] = `
<div
  className="album text-muted">
  <div
    className="container">
    <div
      className="row">
      <div
        className="card-group">
        <div
          className="card col-md-6 col-lg-4">
          <a
            className="embedly-card"
            href="http://www.nature.com/news/ancient-retroviruses-emerged-half-a-billion-years-ago-1.21274" />
          <p>
            Some details about the article.
          </p>
          <a
            className="btn"
            onClick={[Function]}
            style={Object {}}>
            Details
          </a>
        </div>
        <div
          className="card col-md-6 col-lg-4">
          <a
            className="embedly-card"
            href="https://www.theguardian.com/world/2017/jan/11/chamber-of-rats-mexico-parliaments-name-changed-in-google-maps-prank" />
          <p>
            Some details about the article.
          </p>
          <a
            className="btn"
            onClick={[Function]}
            style={Object {}}>
            Details
          </a>
        </div>
        <div
          className="card col-md-6 col-lg-4">
          <a
            className="embedly-card"
            href="https://vimeo.com/192574852" />
          <p>
            Some details about the article.
          </p>
          <a
            className="btn"
            onClick={[Function]}
            style={Object {}}>
            Details
          </a>
        </div>
        <div
          className="card col-md-6 col-lg-4">
          <a
            className="embedly-card"
            href="http://www.aljazeera.com/indepth/features/2017/01/india-love-hand-books-170108073151216.html" />
          <p>
            Some details about the article.
          </p>
          <a
            className="btn"
            onClick={[Function]}
            style={Object {}}>
            Details
          </a>
        </div>
      </div>
    </div>
  </div>
</div>
`;
