exports[`test ArticleCard renders correctly 1`] = `
<div
  className="card">
  <img
    alt="Card image cap"
    className="card-img-top img-fluid"
    src={undefined} />
  <div
    className="card-block">
    <a
      onClick={[Function]}
      style={Object {}}>
      <h4
        className="card-title" />
    </a>
    <p
      className="card-text" />
  </div>
</div>
`;
