exports[`test Footer renders correctly 1`] = `
<footer
  className="bd-footer text-muted"
  style={
    Object {
      "marginTop": "100px",
    }
  }>
  <div
    className="container">
    <a
      href="https://github.com/davidchristie/news-graph">
      GitHub
    </a>
    <p>
      Insert footer content here.
    </p>
  </div>
</footer>
`;
