exports[`test Join renders correctly 1`] = `
<div>
  <div>
    <div
      className="jumbotron">
      <h1
        className="display-3">
        Join
      </h1>
      <p
        className="lead">
        This is a simple hero unit, a simple jumbotron-style component for calling extra attention to featured content or information.
      </p>
      <hr
        className="my-4" />
      <p>
        It uses utility classes for typography and spacing to space content out within the larger container.
      </p>
    </div>
  </div>
  <div
    className="card">
    <div
      className="card-block">
      <form
        action="/users/join"
        method="post">
        <div
          className="form-group">
          <label
            htmlFor="join-name">
            Name
          </label>
          <input
            className="form-control"
            id="join-name"
            name="name"
            placeholder="Name"
            required={true}
            type="text" />
        </div>
        <div
          className="form-group">
          <label
            htmlFor="join-email">
            Email
          </label>
          <input
            className="form-control"
            id="join-email"
            name="email"
            placeholder="Email address"
            required={true}
            type="email" />
        </div>
        <div
          className="form-group">
          <label
            htmlFor="join-password">
            Password
          </label>
          <input
            className="form-control"
            id="join-password"
            name="password"
            placeholder="Password"
            required={true}
            type="password" />
        </div>
        <div
          className="form-group">
          <label
            htmlFor="join-password2">
            Confirm Password
          </label>
          <input
            className="form-control"
            id="join-password2"
            name="password2"
            placeholder="Re-type password"
            required={true}
            type="password" />
        </div>
        <button
          className="btn btn-outline-success"
          type="submit">
          Submit
        </button>
      </form>
    </div>
  </div>
</div>
`;
