exports[`test Layout renders correctly 1`] = `
<div>
  <header>
    <h1>
      Header
    </h1>
    <div>
      <h1>
        Navbar
      </h1>
      <ul>
        <li>
          <a
            onClick={[Function]}
            style={Object {}}>
            Home
          </a>
        </li>
        <li>
          <a
            onClick={[Function]}
            style={Object {}}>
            About
          </a>
        </li>
      </ul>
    </div>
  </header>
  <footer>
    <h1>
      Footer
    </h1>
  </footer>
</div>
`;
