exports[`test Navbar renders correctly 1`] = `
<nav
  className="navbar navbar-toggleable-md navbar-inverse bg-inverse">
  <button
    aria-controls="navbarMenu"
    aria-expanded="false"
    aria-label="Toggle navigation"
    className="navbar-toggler navbar-toggler-right"
    data-target="#navbarMenu"
    data-toggle="collapse"
    type="button">
    <span
      className="navbar-toggler-icon" />
  </button>
  <a
    className="navbar-brand"
    onClick={[Function]}
    style={Object {}}>
    News Graph
  </a>
  <div
    className="collapse navbar-collapse"
    id="navbarMenu">
    <ul
      className="navbar-nav mr-auto">
      <li
        className="nav-item">
        <a
          className="nav-link"
          onClick={[Function]}
          style={Object {}}>
          Home 
          <span
            className="sr-only">
            (current)
          </span>
        </a>
      </li>
      <li
        className="nav-item">
        <a
          className="nav-link"
          onClick={[Function]}
          style={Object {}}>
          About
        </a>
      </li>
      <li
        className="nav-item dropdown">
        <a
          aria-expanded="false"
          aria-haspopup="true"
          className="nav-link dropdown-toggle"
          data-toggle="dropdown"
          href="http://example.com"
          id="dropdown01">
          Dropdown
        </a>
        <div
          aria-labelledby="dropdown01"
          className="dropdown-menu">
          <a
            className="dropdown-item"
            href="#">
            Action
          </a>
          <a
            className="dropdown-item"
            href="#">
            Another action
          </a>
          <a
            className="dropdown-item"
            href="#">
            Something else here
          </a>
        </div>
      </li>
      <li
        className="nav-item">
        <form
          className="form-inline my-2 my-md-0">
          <input
            className="form-control mr-sm-2"
            placeholder="Search"
            type="text" />
          <button
            className="btn btn-outline-success my-2 my-sm-0"
            type="submit">
            Search
          </button>
        </form>
      </li>
    </ul>
    <ul
      className="nav navbar-nav navbar-right">
      <li
        className="nav-item">
        <a
          className="btn btn-primary"
          onClick={[Function]}
          style={Object {}}>
          Signup
        </a>
      </li>
      <li
        className="nav-item">
        <div
          className="dropdown">
          <button
            aria-expanded="false"
            aria-haspopup="true"
            className="btn btn-success dropdown-toggle"
            data-toggle="dropdown"
            id="dropdownLogin"
            type="button">
            Login
          </button>
          <div
            aria-labelledby="dropdownLogin"
            className="dropdown-menu dropdown-menu-right"
            style={
              Object {
                "minWidth": "300px",
              }
            }>
            <form
              acceptCharset="UTF-8"
              action="/users/login"
              id="login-nav"
              method="post"
              role="form">
              <div
                className="dropdown-item">
                <label
                  className="sr-only"
                  htmlFor="email">
                  Email address
                </label>
                <input
                  className="form-control"
                  id="email"
                  name="email"
                  placeholder="Email address"
                  required={true}
                  type="email" />
              </div>
              <div
                className="dropdown-item">
                <label
                  className="sr-only"
                  htmlFor="password">
                  Password
                </label>
                <input
                  className="form-control"
                  id="password"
                  name="password"
                  placeholder="Password"
                  required={true}
                  type="password" />
              </div>
              <div
                className="dropdown-item">
                <button
                  className="btn btn-outline-success btn-block"
                  type="submit">
                  Sign in
                </button>
              </div>
            </form>
          </div>
        </div>
      </li>
    </ul>
  </div>
</nav>
`;
